UTC_START=2026-08-06T22:45:27+00:00
COMMAND=/home/afazeli2006/atom_coding/.venv_fiber_flagship_gate_v4_0/bin/python -m fiber_flagship.run_gate --profile standard

[E0] Exactness, complete ties, certificates, moment sandwich, and VT audit...
[E1] Candidate-volume, ambiguity, and L0 membership-oracle competitiveness audit...
[E2] Fixed-edit moment/tail theory and typical-versus-mean phase diagram...
[E3] C++20 FIBER versus equally compiled exact prefix A* benchmark...
Traceback (most recent call last):
  File "<frozen runpy>", line 198, in _run_module_as_main
  File "<frozen runpy>", line 88, in _run_code
  File "/home/afazeli2006/atom_coding/experiments/FIBER_GRAND_FLAGSHIP_PAPER_GATE_v4_0/src/fiber_flagship/run_gate.py", line 108, in <module>
    main()
  File "/home/afazeli2006/atom_coding/experiments/FIBER_GRAND_FLAGSHIP_PAPER_GATE_v4_0/src/fiber_flagship/run_gate.py", line 104, in main
    run(args.profile)
  File "/home/afazeli2006/atom_coding/experiments/FIBER_GRAND_FLAGSHIP_PAPER_GATE_v4_0/src/fiber_flagship/run_gate.py", line 64, in run
    run_compiled_flagship_gate(package_root, results_dir, profile, contract, rng)
  File "/home/afazeli2006/atom_coding/experiments/FIBER_GRAND_FLAGSHIP_PAPER_GATE_v4_0/src/fiber_flagship/compiled_gate.py", line 103, in run_compiled_flagship_gate
    _run_checked(compile_command, package_root, log_path)
  File "/home/afazeli2006/atom_coding/experiments/FIBER_GRAND_FLAGSHIP_PAPER_GATE_v4_0/src/fiber_flagship/compiled_gate.py", line 34, in _run_checked
    raise RuntimeError(f"command failed ({process.returncode}): {' '.join(command)}\n{process.stdout}")
RuntimeError: command failed (1): /usr/bin/g++ -O3 -DNDEBUG -std=c++20 -march=native -Wall -Wextra /home/afazeli2006/atom_coding/experiments/FIBER_GRAND_FLAGSHIP_PAPER_GATE_v4_0/cpp/flagship_benchmark.cpp -o /home/afazeli2006/atom_coding/experiments/FIBER_GRAND_FLAGSHIP_PAPER_GATE_v4_0/build/flagship_benchmark
/home/afazeli2006/atom_coding/experiments/FIBER_GRAND_FLAGSHIP_PAPER_GATE_v4_0/cpp/flagship_benchmark.cpp: In function ‘uint64_t fg::delete_bit(uint64_t, int, int)’:
/home/afazeli2006/atom_coding/experiments/FIBER_GRAND_FLAGSHIP_PAPER_GATE_v4_0/cpp/flagship_benchmark.cpp:36:54: warning: unused parameter ‘n’ [-Wunused-parameter]
   36 | uint64_t delete_bit(uint64_t word, int position, int n) {
      |                                                  ~~~~^
/home/afazeli2006/atom_coding/experiments/FIBER_GRAND_FLAGSHIP_PAPER_GATE_v4_0/cpp/flagship_benchmark.cpp: In function ‘long double fg::component_mass(int, int, long double, int)’:
/home/afazeli2006/atom_coding/experiments/FIBER_GRAND_FLAGSHIP_PAPER_GATE_v4_0/cpp/flagship_benchmark.cpp:52:17: error: ‘powl’ is not a member of ‘std’; did you mean ‘pow’?
   52 |     return std::powl(p, mismatches) * std::powl(1.0L - p, m - mismatches) / streams;
      |                 ^~~~
      |                 pow
/home/afazeli2006/atom_coding/experiments/FIBER_GRAND_FLAGSHIP_PAPER_GATE_v4_0/cpp/flagship_benchmark.cpp:52:44: error: ‘powl’ is not a member of ‘std’; did you mean ‘pow’?
   52 |     return std::powl(p, mismatches) * std::powl(1.0L - p, m - mismatches) / streams;
      |                                            ^~~~
      |                                            pow
/home/afazeli2006/atom_coding/experiments/FIBER_GRAND_FLAGSHIP_PAPER_GATE_v4_0/cpp/flagship_benchmark.cpp: In function ‘long double fg::unnormalized_mass(int, int, long double)’:
/home/afazeli2006/atom_coding/experiments/FIBER_GRAND_FLAGSHIP_PAPER_GATE_v4_0/cpp/flagship_benchmark.cpp:57:17: error: ‘powl’ is not a member of ‘std’; did you mean ‘pow’?
   57 |     return std::powl(p, mismatches) * std::powl(1.0L - p, m - mismatches);
      |                 ^~~~
      |                 pow
/home/afazeli2006/atom_coding/experiments/FIBER_GRAND_FLAGSHIP_PAPER_GATE_v4_0/cpp/flagship_benchmark.cpp:57:44: error: ‘powl’ is not a member of ‘std’; did you mean ‘pow’?
   57 |     return std::powl(p, mismatches) * std::powl(1.0L - p, m - mismatches);
      |                                            ^~~~
      |                                            pow
/home/afazeli2006/atom_coding/experiments/FIBER_GRAND_FLAGSHIP_PAPER_GATE_v4_0/cpp/flagship_benchmark.cpp: In function ‘fg::DecodeResult fg::fiber_decode(uint64_t, const Code&, long double, uint64_t)’:
/home/afazeli2006/atom_coding/experiments/FIBER_GRAND_FLAGSHIP_PAPER_GATE_v4_0/cpp/flagship_benchmark.cpp:389:33: error: ‘fabsl’ is not a member of ‘std’; did you mean ‘fabs’?
  389 |                 } else if (std::fabsl(score - best) <= TOL) {
      |                                 ^~~~~
      |                                 fabs
/home/afazeli2006/atom_coding/experiments/FIBER_GRAND_FLAGSHIP_PAPER_GATE_v4_0/cpp/flagship_benchmark.cpp: In function ‘fg::DecodeResult fg::prefix_decode(uint64_t, const Code&, long double, uint64_t)’:
/home/afazeli2006/atom_coding/experiments/FIBER_GRAND_FLAGSHIP_PAPER_GATE_v4_0/cpp/flagship_benchmark.cpp:486:33: error: ‘fabsl’ is not a member of ‘std’; did you mean ‘fabs’?
  486 |                 } else if (std::fabsl(score - best) <= TOL) {
      |                                 ^~~~~
      |                                 fabs
/home/afazeli2006/atom_coding/experiments/FIBER_GRAND_FLAGSHIP_PAPER_GATE_v4_0/cpp/flagship_benchmark.cpp: In function ‘fg::DecodeResult fg::exhaustive_decode(uint64_t, const Code&, long double, uint64_t)’:
/home/afazeli2006/atom_coding/experiments/FIBER_GRAND_FLAGSHIP_PAPER_GATE_v4_0/cpp/flagship_benchmark.cpp:561:25: error: ‘fabsl’ is not a member of ‘std’; did you mean ‘fabs’?
  561 |         } else if (std::fabsl(score - out.best) <= TOL) {
      |                         ^~~~~
      |                         fabs


UTC_END=2026-08-06T22:45:30+00:00
EXIT_CODE=1
